[2026-07-03 08:30:00] ============================================
[2026-07-03 08:30:01] Alberth Briefing v1.0 iniciado
[2026-07-03 08:30:01] ============================================
[2026-07-03 08:30:01] BLOQUE 1: Obteniendo eventos del día desde Google Calendar...
[2026-07-03 08:30:02] WARN: gog calendar no devolvió datos.
[2026-07-03 08:30:03] BLOQUE 2: Obteniendo correos no leídos recientes de Gmail...
[2026-07-03 08:30:03] WARN: gog gmail no devolvió datos o no hay correos.
[2026-07-03 08:30:04] BLOQUE 3: Leyendo estado de memoria desde SQLite y archivo...
[2026-07-03 08:30:05] Memoria SQLite OK.
[2026-07-03 08:30:05] Memoria MEMORY.md OK.
[2026-07-03 08:30:06] BLOQUE 4: Construyendo prompt y enviando al Agente Alberth...
[2026-07-03 08:31:19] Agente OK → Respuesta generada (509 chars).
[2026-07-03 08:31:19] BLOQUE 5: Sintetizando respuesta en audio (edge-tts)...
[2026-07-03 08:31:22] TTS Premium OK → Audio: /Users/digitalspace/.openclaw/workspace/voice_exchange/output/briefing_20260703_083006_response.mp3 (edge-tts)
[2026-07-03 08:31:22] BLOQUE 6: Reproduciendo briefing y enviando notificación...
[2026-07-03 08:31:59] Reproducción completada.
[2026-07-03 08:31:59] ============================================
[2026-07-03 08:32:00] Briefing matutino completado exitosamente.
[2026-07-03 08:32:00] ============================================
[2026-07-04 08:33:22] ============================================
[2026-07-04 08:33:22] Alberth Briefing v1.0 iniciado
[2026-07-04 08:33:22] ============================================
[2026-07-04 08:33:22] BLOQUE 1: Obteniendo eventos del día desde Google Calendar...
[2026-07-04 08:33:22] WARN: gog calendar no devolvió datos.
[2026-07-04 08:33:23] BLOQUE 2: Obteniendo correos no leídos recientes de Gmail...
[2026-07-04 08:33:23] WARN: gog gmail no devolvió datos o no hay correos.
[2026-07-04 08:33:23] BLOQUE 3: Leyendo estado de memoria desde SQLite y archivo...
[2026-07-04 08:33:23] Memoria SQLite OK.
[2026-07-04 08:33:23] Memoria MEMORY.md OK.
[2026-07-04 08:33:23] BLOQUE 4: Construyendo prompt y enviando al Agente Alberth...
[2026-07-04 08:40:33] Agente OK → Respuesta generada (22 chars).
[2026-07-04 08:40:33] BLOQUE 5: Sintetizando respuesta en audio (edge-tts)...
[2026-07-04 08:40:36] TTS Premium OK → Audio: /Users/digitalspace/.openclaw/workspace/voice_exchange/output/briefing_20260704_083324_response.mp3 (edge-tts)
[2026-07-04 08:40:36] BLOQUE 6: Reproduciendo briefing y enviando notificación...
[2026-07-04 08:40:47] Reproducción completada.
[2026-07-04 08:40:48] ============================================
[2026-07-04 08:40:48] Briefing matutino completado exitosamente.
[2026-07-04 08:40:48] ============================================
[2026-07-05 08:30:00] ============================================
[2026-07-05 08:30:00] Alberth Briefing v1.0 iniciado
[2026-07-05 08:30:00] ============================================
[2026-07-05 08:30:00] BLOQUE 1: Obteniendo eventos del día desde Google Calendar...
[2026-07-05 08:30:01] WARN: gog calendar no devolvió datos.
[2026-07-05 08:30:01] BLOQUE 2: Obteniendo correos no leídos recientes de Gmail...
[2026-07-05 08:30:01] WARN: gog gmail no devolvió datos o no hay correos.
[2026-07-05 08:30:01] BLOQUE 3: Leyendo estado de memoria desde SQLite y archivo...
[2026-07-05 08:30:01] Memoria SQLite OK.
[2026-07-05 08:30:02] Memoria MEMORY.md OK.
[2026-07-05 08:30:02] BLOQUE 4: Construyendo prompt y enviando al Agente Alberth...
[2026-07-05 08:32:26] Agente OK → Respuesta generada (581 chars).
[2026-07-05 08:32:27] BLOQUE 5: Sintetizando respuesta en audio (edge-tts)...
[2026-07-05 08:32:30] TTS Premium OK → Audio: /Users/digitalspace/.openclaw/workspace/voice_exchange/output/briefing_20260705_083002_response.mp3 (edge-tts)
[2026-07-05 08:32:30] BLOQUE 6: Reproduciendo briefing y enviando notificación...
[2026-07-05 08:33:17] Reproducción completada.
[2026-07-05 08:33:17] ============================================
[2026-07-05 08:33:17] Briefing matutino completado exitosamente.
[2026-07-05 08:33:17] ============================================
[2026-07-06 08:43:41] ============================================
[2026-07-06 08:43:41] Alberth Briefing v1.0 iniciado
[2026-07-06 08:43:41] ============================================
[2026-07-06 08:43:41] BLOQUE 1: Obteniendo eventos del día desde Google Calendar...
[2026-07-06 08:43:41] WARN: gog calendar no devolvió datos.
[2026-07-06 08:43:42] BLOQUE 2: Obteniendo correos no leídos recientes de Gmail...
[2026-07-06 08:43:42] WARN: gog gmail no devolvió datos o no hay correos.
[2026-07-06 08:43:42] BLOQUE 3: Leyendo estado de memoria desde SQLite y archivo...
[2026-07-06 08:43:42] Memoria SQLite OK.
[2026-07-06 08:43:42] Memoria MEMORY.md OK.
[2026-07-06 08:43:42] BLOQUE 4: Construyendo prompt y enviando al Agente Alberth...
[2026-07-06 08:44:26] Agente OK → Respuesta generada (537 chars).
[2026-07-06 08:44:26] BLOQUE 5: Sintetizando respuesta en audio (edge-tts)...
