[2026-08-12 07:10:52] ============================================
[2026-08-12 07:10:52] Alberth Briefing v1.0 iniciado
[2026-08-12 07:10:52] ============================================
[2026-08-12 07:10:52] BLOQUE 1: Obteniendo eventos del día desde Google Calendar...
[2026-08-12 07:10:53] WARN: gog calendar no devolvió datos.
[2026-08-12 07:10:53] BLOQUE 2: Obteniendo correos no leídos recientes de Gmail...
[2026-08-12 07:10:54] WARN: gog gmail no devolvió datos o no hay correos.
[2026-08-12 07:10:54] BLOQUE 3: Leyendo estado de memoria desde SQLite y archivo...
[2026-08-12 07:10:54] Memoria SQLite OK.
[2026-08-12 07:10:54] Memoria MEMORY.md OK.
[2026-08-12 07:10:54] BLOQUE 4: Construyendo prompt y enviando al Agente Alberth...
[2026-08-12 07:11:37] ERROR: Falló la llamada al agente. Usando mensaje de respaldo.
[2026-08-12 07:11:38] BLOQUE 5: Sintetizando respuesta en audio (edge-tts)...
[TTS-Premium] Sintetizando 124 caracteres con voz 'es-MX-JorgeNeural'...
[TTS-Premium] ERROR durante síntesis: Cannot connect to host speech.platform.bing.com:443 ssl:<ssl.SSLContext object at 0x33e8abe10> [nodename nor servname provided, or not known]
[2026-08-12 07:27:37] ============================================
[2026-08-12 07:27:38] Alberth Briefing v1.0 iniciado
[2026-08-12 07:27:39] ============================================
[2026-08-12 07:27:40] BLOQUE 1: Obteniendo eventos del día desde Google Calendar...
[2026-08-12 07:27:44] WARN: gog calendar no devolvió datos.
[2026-08-12 07:27:44] BLOQUE 2: Obteniendo correos no leídos recientes de Gmail...
[2026-08-12 07:27:46] WARN: gog gmail no devolvió datos o no hay correos.
[2026-08-12 07:27:47] BLOQUE 3: Leyendo estado de memoria desde SQLite y archivo...
[2026-08-12 07:27:49] Memoria SQLite OK.
[2026-08-12 07:27:50] Memoria MEMORY.md OK.
[2026-08-12 07:27:51] BLOQUE 4: Construyendo prompt y enviando al Agente Alberth...
[2026-08-12 07:58:51] ============================================
[2026-08-12 07:58:51] Alberth Briefing v1.0 iniciado
[2026-08-12 07:58:51] ============================================
[2026-08-12 07:58:51] BLOQUE 1: Obteniendo eventos del día desde Google Calendar...
[2026-08-12 07:58:55] WARN: gog calendar no devolvió datos.
[2026-08-12 07:58:55] BLOQUE 2: Obteniendo correos no leídos recientes de Gmail...
[2026-08-12 07:58:57] WARN: gog gmail no devolvió datos o no hay correos.
[2026-08-12 07:58:57] BLOQUE 3: Leyendo estado de memoria desde SQLite y archivo...
[2026-08-12 07:58:58] Memoria SQLite OK.
[2026-08-12 07:58:58] Memoria MEMORY.md OK.
[2026-08-12 07:58:58] BLOQUE 4: Construyendo prompt y enviando al Agente Alberth...
[2026-08-12 08:34:49] ============================================
[2026-08-12 08:34:49] Alberth Briefing v1.0 iniciado
[2026-08-12 08:34:49] ============================================
[2026-08-12 08:34:49] BLOQUE 1: Obteniendo eventos del día desde Google Calendar...
[2026-08-12 08:34:50] WARN: gog calendar no devolvió datos.
[2026-08-12 08:34:50] BLOQUE 2: Obteniendo correos no leídos recientes de Gmail...
[2026-08-12 08:34:50] WARN: gog gmail no devolvió datos o no hay correos.
[2026-08-12 08:34:51] BLOQUE 3: Leyendo estado de memoria desde SQLite y archivo...
[2026-08-12 08:34:52] Memoria SQLite OK.
[2026-08-12 08:34:52] Memoria MEMORY.md OK.
[2026-08-12 08:34:52] BLOQUE 4: Construyendo prompt y enviando al Agente Alberth...
[2026-08-12 08:35:23] ERROR: Falló la llamada al agente. Usando mensaje de respaldo.
[2026-08-12 08:35:23] BLOQUE 5: Sintetizando respuesta en audio (edge-tts)...
[TTS-Premium] Sintetizando 124 caracteres con voz 'es-MX-JorgeNeural'...
[TTS-Premium] OK → Audio generado: briefing_20260812_083452_response.mp3 (63 KB) | Voz: es-MX-JorgeNeural
[2026-08-12 08:35:25] TTS Premium OK → Audio: /Users/digitalspace/.openclaw/workspace/voice_exchange/output/briefing_20260812_083452_response.mp3 (edge-tts)
[2026-08-12 08:35:25] BLOQUE 6: Reproduciendo briefing y enviando notificación...
[2026-08-12 08:35:38] Reproducción completada.
[2026-08-12 08:35:38] ============================================
[2026-08-12 08:35:38] Briefing matutino completado exitosamente.
[2026-08-12 08:35:38] ============================================
