[2026-08-27 07:00:04] ============================================
[2026-08-27 07:00:04] Alberth Briefing v1.0 iniciado
[2026-08-27 07:00:05] ============================================
[2026-08-27 07:00:05] BLOQUE 1: Obteniendo eventos del día desde Google Calendar...
[2026-08-27 07:00:07] WARN: gog calendar no devolvió datos.
[2026-08-27 07:00:08] BLOQUE 2: Obteniendo correos no leídos recientes de Gmail...
[2026-08-27 07:00:09] WARN: gog gmail no devolvió datos o no hay correos.
[2026-08-27 07:00:10] BLOQUE 3: Leyendo estado de memoria desde SQLite y archivo...
[2026-08-27 07:00:11] Memoria SQLite OK.
[2026-08-27 07:00:12] Memoria MEMORY.md OK.
[2026-08-27 07:00:13] BLOQUE 4: Construyendo prompt y enviando al Agente Alberth...
[2026-08-27 07:18:12] ============================================
[2026-08-27 07:18:12] Alberth Briefing v1.0 iniciado
[2026-08-27 07:18:13] ============================================
[2026-08-27 07:18:13] BLOQUE 1: Obteniendo eventos del día desde Google Calendar...
[2026-08-27 07:18:16] WARN: gog calendar no devolvió datos.
[2026-08-27 07:18:16] BLOQUE 2: Obteniendo correos no leídos recientes de Gmail...
[2026-08-27 07:18:18] WARN: gog gmail no devolvió datos o no hay correos.
[2026-08-27 07:18:19] BLOQUE 3: Leyendo estado de memoria desde SQLite y archivo...
[2026-08-27 07:18:21] Memoria SQLite OK.
[2026-08-27 07:18:21] Memoria MEMORY.md OK.
[2026-08-27 07:18:22] BLOQUE 4: Construyendo prompt y enviando al Agente Alberth...
[2026-08-27 07:26:34] ERROR: Falló la llamada al agente. Usando mensaje de respaldo.
[2026-08-27 07:26:35] BLOQUE 5: Sintetizando respuesta en audio (edge-tts)...
[TTS-Premium] Sintetizando 124 caracteres con voz 'es-MX-JorgeNeural'...
[TTS-Premium] OK → Audio generado: briefing_20260827_071822_response.mp3 (63 KB) | Voz: es-MX-JorgeNeural
[2026-08-27 07:26:41] TTS Premium OK → Audio: /Users/digitalspace/.openclaw/workspace/voice_exchange/output/briefing_20260827_071822_response.mp3 (edge-tts)
[2026-08-27 07:26:41] BLOQUE 6: Reproduciendo briefing y enviando notificación...
[2026-08-27 07:26:54] Reproducción completada.
[2026-08-27 07:26:54] ============================================
[2026-08-27 07:26:54] Briefing matutino completado exitosamente.
[2026-08-27 07:26:55] ============================================
