[2026-08-20 07:11:43] ============================================
[2026-08-20 07:11:43] Alberth Briefing v1.0 iniciado
[2026-08-20 07:11:43] ============================================
[2026-08-20 07:11:43] BLOQUE 1: Obteniendo eventos del día desde Google Calendar...
[2026-08-20 07:11:44] WARN: gog calendar no devolvió datos.
[2026-08-20 07:11:44] BLOQUE 2: Obteniendo correos no leídos recientes de Gmail...
[2026-08-20 07:11:44] WARN: gog gmail no devolvió datos o no hay correos.
[2026-08-20 07:11:44] BLOQUE 3: Leyendo estado de memoria desde SQLite y archivo...
[2026-08-20 07:11:45] Memoria SQLite OK.
[2026-08-20 07:11:45] Memoria MEMORY.md OK.
[2026-08-20 07:11:45] BLOQUE 4: Construyendo prompt y enviando al Agente Alberth...
[2026-08-20 07:12:07] ERROR: Falló la llamada al agente. Usando mensaje de respaldo.
[2026-08-20 07:12:08] BLOQUE 5: Sintetizando respuesta en audio (edge-tts)...
[TTS-Premium] Sintetizando 124 caracteres con voz 'es-MX-JorgeNeural'...
[TTS-Premium] OK → Audio generado: briefing_20260820_071145_response.mp3 (63 KB) | Voz: es-MX-JorgeNeural
[2026-08-20 07:12:15] TTS Premium OK → Audio: /Users/digitalspace/.openclaw/workspace/voice_exchange/output/briefing_20260820_071145_response.mp3 (edge-tts)
[2026-08-20 07:12:15] BLOQUE 6: Reproduciendo briefing y enviando notificación...
[2026-08-20 07:12:28] Reproducción completada.
[2026-08-20 07:12:28] ============================================
[2026-08-20 07:12:28] Briefing matutino completado exitosamente.
[2026-08-20 07:12:28] ============================================
