[2026-09-01 07:12:40] ============================================
[2026-09-01 07:12:40] Alberth Briefing v1.0 iniciado
[2026-09-01 07:12:40] ============================================
[2026-09-01 07:12:40] BLOQUE 1: Obteniendo eventos del día desde Google Calendar...
[2026-09-01 07:12:41] WARN: gog calendar no devolvió datos.
[2026-09-01 07:12:41] BLOQUE 2: Obteniendo correos no leídos recientes de Gmail...
[2026-09-01 07:12:42] WARN: gog gmail no devolvió datos o no hay correos.
[2026-09-01 07:12:42] BLOQUE 3: Leyendo estado de memoria desde SQLite y archivo...
[2026-09-01 07:12:43] Memoria SQLite OK.
[2026-09-01 07:12:43] Memoria MEMORY.md OK.
[2026-09-01 07:12:43] BLOQUE 4: Construyendo prompt y enviando al Agente Alberth...
[2026-09-01 07:13:18] ERROR: Falló la llamada al agente. Usando mensaje de respaldo.
[2026-09-01 07:13:19] BLOQUE 5: Sintetizando respuesta en audio (edge-tts)...
[TTS-Premium] Sintetizando 124 caracteres con voz 'es-MX-JorgeNeural'...
[TTS-Premium] OK → Audio generado: briefing_20260901_071243_response.mp3 (63 KB) | Voz: es-MX-JorgeNeural
[2026-09-01 07:13:23] TTS Premium OK → Audio: /Users/digitalspace/.openclaw/workspace/voice_exchange/output/briefing_20260901_071243_response.mp3 (edge-tts)
[2026-09-01 07:13:24] BLOQUE 6: Reproduciendo briefing y enviando notificación...
[2026-09-01 07:31:39] ============================================
[2026-09-01 07:31:40] Alberth Briefing v1.0 iniciado
[2026-09-01 07:31:40] ============================================
[2026-09-01 07:31:40] BLOQUE 1: Obteniendo eventos del día desde Google Calendar...
[2026-09-01 07:31:42] WARN: gog calendar no devolvió datos.
[2026-09-01 07:31:43] BLOQUE 2: Obteniendo correos no leídos recientes de Gmail...
[2026-09-01 07:31:44] WARN: gog gmail no devolvió datos o no hay correos.
[2026-09-01 07:31:45] BLOQUE 3: Leyendo estado de memoria desde SQLite y archivo...
[2026-09-01 07:31:47] Memoria SQLite OK.
[2026-09-01 07:31:47] Memoria MEMORY.md OK.
[2026-09-01 07:31:48] BLOQUE 4: Construyendo prompt y enviando al Agente Alberth...
[2026-09-01 07:49:44] ============================================
[2026-09-01 07:49:44] Alberth Briefing v1.0 iniciado
[2026-09-01 07:49:45] ============================================
[2026-09-01 07:49:45] BLOQUE 1: Obteniendo eventos del día desde Google Calendar...
[2026-09-01 07:49:47] WARN: gog calendar no devolvió datos.
[2026-09-01 07:49:48] BLOQUE 2: Obteniendo correos no leídos recientes de Gmail...
[2026-09-01 07:49:49] WARN: gog gmail no devolvió datos o no hay correos.
[2026-09-01 07:49:49] BLOQUE 3: Leyendo estado de memoria desde SQLite y archivo...
[2026-09-01 07:49:51] Memoria SQLite OK.
[2026-09-01 07:49:51] Memoria MEMORY.md OK.
[2026-09-01 07:49:52] BLOQUE 4: Construyendo prompt y enviando al Agente Alberth...
[2026-09-01 07:50:39] ERROR: Falló la llamada al agente. Usando mensaje de respaldo.
[2026-09-01 07:50:39] BLOQUE 5: Sintetizando respuesta en audio (edge-tts)...
[TTS-Premium] Sintetizando 124 caracteres con voz 'es-MX-JorgeNeural'...
[TTS-Premium] OK → Audio generado: briefing_20260901_074952_response.mp3 (63 KB) | Voz: es-MX-JorgeNeural
[2026-09-01 07:50:44] TTS Premium OK → Audio: /Users/digitalspace/.openclaw/workspace/voice_exchange/output/briefing_20260901_074952_response.mp3 (edge-tts)
[2026-09-01 07:50:44] BLOQUE 6: Reproduciendo briefing y enviando notificación...
[2026-09-01 07:50:56] Reproducción completada.
[2026-09-01 07:50:57] ============================================
[2026-09-01 07:50:57] Briefing matutino completado exitosamente.
[2026-09-01 07:50:57] ============================================
