[2026-08-17 07:15:14] ============================================
[2026-08-17 07:15:15] Alberth Briefing v1.0 iniciado
[2026-08-17 07:15:15] ============================================
[2026-08-17 07:15:15] BLOQUE 1: Obteniendo eventos del día desde Google Calendar...
[2026-08-17 07:15:16] WARN: gog calendar no devolvió datos.
[2026-08-17 07:15:16] BLOQUE 2: Obteniendo correos no leídos recientes de Gmail...
[2026-08-17 07:15:16] WARN: gog gmail no devolvió datos o no hay correos.
[2026-08-17 07:15:16] BLOQUE 3: Leyendo estado de memoria desde SQLite y archivo...
[2026-08-17 07:15:16] Memoria SQLite OK.
[2026-08-17 07:15:16] Memoria MEMORY.md OK.
[2026-08-17 07:15:17] BLOQUE 4: Construyendo prompt y enviando al Agente Alberth...
[2026-08-17 07:15:47] ERROR: Falló la llamada al agente. Usando mensaje de respaldo.
[2026-08-17 07:15:48] BLOQUE 5: Sintetizando respuesta en audio (edge-tts)...
[TTS-Premium] Sintetizando 124 caracteres con voz 'es-MX-JorgeNeural'...
[TTS-Premium] OK → Audio generado: briefing_20260817_071517_response.mp3 (63 KB) | Voz: es-MX-JorgeNeural
[2026-08-17 07:15:52] TTS Premium OK → Audio: /Users/digitalspace/.openclaw/workspace/voice_exchange/output/briefing_20260817_071517_response.mp3 (edge-tts)
[2026-08-17 07:15:52] BLOQUE 6: Reproduciendo briefing y enviando notificación...
[2026-08-17 07:33:05] Reproducción completada.
[2026-08-17 07:33:05] ============================================
[2026-08-17 07:33:05] Briefing matutino completado exitosamente.
[2026-08-17 07:33:39] ============================================
[2026-08-17 07:33:39] Alberth Briefing v1.0 iniciado
[2026-08-17 07:33:40] ============================================
[2026-08-17 07:33:40] BLOQUE 1: Obteniendo eventos del día desde Google Calendar...
[2026-08-17 07:33:43] WARN: gog calendar no devolvió datos.
[2026-08-17 07:33:43] BLOQUE 2: Obteniendo correos no leídos recientes de Gmail...
[2026-08-17 07:33:45] WARN: gog gmail no devolvió datos o no hay correos.
[2026-08-17 07:33:45] BLOQUE 3: Leyendo estado de memoria desde SQLite y archivo...
[2026-08-17 07:33:47] Memoria SQLite OK.
[2026-08-17 07:33:48] Memoria MEMORY.md OK.
[2026-08-17 07:33:48] BLOQUE 4: Construyendo prompt y enviando al Agente Alberth...
[2026-08-17 07:43:07] ERROR: Falló la llamada al agente. Usando mensaje de respaldo.
[2026-08-17 07:43:08] BLOQUE 5: Sintetizando respuesta en audio (edge-tts)...
[TTS-Premium] Sintetizando 124 caracteres con voz 'es-MX-JorgeNeural'...
[TTS-Premium] OK → Audio generado: briefing_20260817_073349_response.mp3 (63 KB) | Voz: es-MX-JorgeNeural
[2026-08-17 07:43:12] TTS Premium OK → Audio: /Users/digitalspace/.openclaw/workspace/voice_exchange/output/briefing_20260817_073349_response.mp3 (edge-tts)
[2026-08-17 07:43:13] BLOQUE 6: Reproduciendo briefing y enviando notificación...
[2026-08-17 07:43:25] Reproducción completada.
[2026-08-17 07:43:25] ============================================
[2026-08-17 07:43:25] Briefing matutino completado exitosamente.
[2026-08-17 07:43:25] ============================================
