[2026-08-25 08:57:11] ============================================
[2026-08-25 08:57:11] Alberth Briefing v1.0 iniciado
[2026-08-25 08:57:12] ============================================
[2026-08-25 08:57:12] BLOQUE 1: Obteniendo eventos del día desde Google Calendar...
[2026-08-25 08:57:29] WARN: gog calendar no devolvió datos.
[2026-08-25 08:57:29] BLOQUE 2: Obteniendo correos no leídos recientes de Gmail...
[2026-08-25 08:57:40] WARN: gog gmail no devolvió datos o no hay correos.
[2026-08-25 08:57:40] BLOQUE 3: Leyendo estado de memoria desde SQLite y archivo...
[2026-08-25 08:57:58] Memoria SQLite OK.
[2026-08-25 08:57:58] Memoria MEMORY.md OK.
[2026-08-25 08:57:58] BLOQUE 4: Construyendo prompt y enviando al Agente Alberth...
[2026-08-25 09:00:31] ERROR: Falló la llamada al agente. Usando mensaje de respaldo.
[2026-08-25 09:00:31] BLOQUE 5: Sintetizando respuesta en audio (edge-tts)...
[TTS-Premium] Sintetizando 124 caracteres con voz 'es-MX-JorgeNeural'...
[TTS-Premium] OK → Audio generado: briefing_20260825_085759_response.mp3 (63 KB) | Voz: es-MX-JorgeNeural
[2026-08-25 09:00:36] TTS Premium OK → Audio: /Users/digitalspace/.openclaw/workspace/voice_exchange/output/briefing_20260825_085759_response.mp3 (edge-tts)
[2026-08-25 09:00:37] BLOQUE 6: Reproduciendo briefing y enviando notificación...
[2026-08-25 09:00:54] Reproducción completada.
[2026-08-25 09:00:54] ============================================
[2026-08-25 09:00:54] Briefing matutino completado exitosamente.
[2026-08-25 09:00:55] ============================================
