[2026-08-13 22:05:57] ============================================
[2026-08-13 22:05:57] Alberth Briefing v1.0 iniciado
[2026-08-13 22:05:57] ============================================
[2026-08-13 22:05:57] BLOQUE 1: Obteniendo eventos del día desde Google Calendar...
[2026-08-13 22:05:58] WARN: gog calendar no devolvió datos.
[2026-08-13 22:05:58] BLOQUE 2: Obteniendo correos no leídos recientes de Gmail...
[2026-08-13 22:05:58] WARN: gog gmail no devolvió datos o no hay correos.
[2026-08-13 22:05:58] BLOQUE 3: Leyendo estado de memoria desde SQLite y archivo...
[2026-08-13 22:05:59] Memoria SQLite OK.
[2026-08-13 22:05:59] Memoria MEMORY.md OK.
[2026-08-13 22:05:59] BLOQUE 4: Construyendo prompt y enviando al Agente Alberth...
[2026-08-13 22:06:14] ERROR: Falló la llamada al agente. Usando mensaje de respaldo.
[2026-08-13 22:06:14] BLOQUE 5: Sintetizando respuesta en audio (edge-tts)...
[TTS-Premium] Sintetizando 124 caracteres con voz 'es-MX-JorgeNeural'...
[TTS-Premium] OK → Audio generado: briefing_20260813_220559_response.mp3 (63 KB) | Voz: es-MX-JorgeNeural
[2026-08-13 22:06:16] TTS Premium OK → Audio: /Users/digitalspace/.openclaw/workspace/voice_exchange/output/briefing_20260813_220559_response.mp3 (edge-tts)
[2026-08-13 22:06:16] BLOQUE 6: Reproduciendo briefing y enviando notificación...
[2026-08-13 22:06:29] Reproducción completada.
[2026-08-13 22:06:29] ============================================
[2026-08-13 22:06:29] Briefing matutino completado exitosamente.
[2026-08-13 22:06:29] ============================================
