[2026-08-28 07:01:15] ============================================
[2026-08-28 07:01:15] Alberth Briefing v1.0 iniciado
[2026-08-28 07:01:15] ============================================
[2026-08-28 07:01:16] BLOQUE 1: Obteniendo eventos del día desde Google Calendar...
[2026-08-28 07:01:16] WARN: gog calendar no devolvió datos.
[2026-08-28 07:01:16] BLOQUE 2: Obteniendo correos no leídos recientes de Gmail...
[2026-08-28 07:01:17] WARN: gog gmail no devolvió datos o no hay correos.
[2026-08-28 07:01:17] BLOQUE 3: Leyendo estado de memoria desde SQLite y archivo...
[2026-08-28 07:01:18] Memoria SQLite OK.
[2026-08-28 07:01:18] Memoria MEMORY.md OK.
[2026-08-28 07:01:19] BLOQUE 4: Construyendo prompt y enviando al Agente Alberth...
[2026-08-28 07:02:01] ERROR: Falló la llamada al agente. Usando mensaje de respaldo.
[2026-08-28 07:02:02] BLOQUE 5: Sintetizando respuesta en audio (edge-tts)...
[TTS-Premium] Sintetizando 124 caracteres con voz 'es-MX-JorgeNeural'...
[TTS-Premium] OK → Audio generado: briefing_20260828_070119_response.mp3 (63 KB) | Voz: es-MX-JorgeNeural
[2026-08-28 07:02:07] TTS Premium OK → Audio: /Users/digitalspace/.openclaw/workspace/voice_exchange/output/briefing_20260828_070119_response.mp3 (edge-tts)
[2026-08-28 07:02:08] BLOQUE 6: Reproduciendo briefing y enviando notificación...
[2026-08-28 07:18:41] Reproducción completada.
[2026-08-28 07:18:41] ============================================
[2026-08-28 07:18:42] Briefing matutino completado exitosamente.
[2026-08-28 07:18:42] ============================================
[2026-08-28 07:19:17] ============================================
[2026-08-28 07:19:17] Alberth Briefing v1.0 iniciado
[2026-08-28 07:19:18] ============================================
[2026-08-28 07:19:18] BLOQUE 1: Obteniendo eventos del día desde Google Calendar...
[2026-08-28 07:19:21] WARN: gog calendar no devolvió datos.
[2026-08-28 07:19:21] BLOQUE 2: Obteniendo correos no leídos recientes de Gmail...
[2026-08-28 07:19:23] WARN: gog gmail no devolvió datos o no hay correos.
[2026-08-28 07:19:23] BLOQUE 3: Leyendo estado de memoria desde SQLite y archivo...
[2026-08-28 07:19:25] Memoria SQLite OK.
[2026-08-28 07:19:26] Memoria MEMORY.md OK.
[2026-08-28 07:19:26] BLOQUE 4: Construyendo prompt y enviando al Agente Alberth...
[2026-08-28 07:26:03] ERROR: Falló la llamada al agente. Usando mensaje de respaldo.
[2026-08-28 07:26:04] BLOQUE 5: Sintetizando respuesta en audio (edge-tts)...
[TTS-Premium] Sintetizando 124 caracteres con voz 'es-MX-JorgeNeural'...
[TTS-Premium] OK → Audio generado: briefing_20260828_071927_response.mp3 (63 KB) | Voz: es-MX-JorgeNeural
[2026-08-28 07:26:09] TTS Premium OK → Audio: /Users/digitalspace/.openclaw/workspace/voice_exchange/output/briefing_20260828_071927_response.mp3 (edge-tts)
[2026-08-28 07:26:09] BLOQUE 6: Reproduciendo briefing y enviando notificación...
[2026-08-28 07:26:22] Reproducción completada.
[2026-08-28 07:26:22] ============================================
[2026-08-28 07:26:23] Briefing matutino completado exitosamente.
[2026-08-28 07:41:34] ============================================
[2026-08-28 07:42:41] ============================================
[2026-08-28 07:42:42] Alberth Briefing v1.0 iniciado
[2026-08-28 07:42:42] ============================================
[2026-08-28 07:42:43] BLOQUE 1: Obteniendo eventos del día desde Google Calendar...
[2026-08-28 07:42:46] WARN: gog calendar no devolvió datos.
[2026-08-28 07:42:46] BLOQUE 2: Obteniendo correos no leídos recientes de Gmail...
[2026-08-28 07:42:48] WARN: gog gmail no devolvió datos o no hay correos.
[2026-08-28 07:42:49] BLOQUE 3: Leyendo estado de memoria desde SQLite y archivo...
[2026-08-28 07:42:51] Memoria SQLite OK.
[2026-08-28 07:42:52] Memoria MEMORY.md OK.
[2026-08-28 07:42:52] BLOQUE 4: Construyendo prompt y enviando al Agente Alberth...
[2026-08-28 07:43:34] ERROR: Falló la llamada al agente. Usando mensaje de respaldo.
[2026-08-28 07:43:35] BLOQUE 5: Sintetizando respuesta en audio (edge-tts)...
[TTS-Premium] Sintetizando 124 caracteres con voz 'es-MX-JorgeNeural'...
[TTS-Premium] OK → Audio generado: briefing_20260828_074253_response.mp3 (63 KB) | Voz: es-MX-JorgeNeural
[2026-08-28 07:43:42] TTS Premium OK → Audio: /Users/digitalspace/.openclaw/workspace/voice_exchange/output/briefing_20260828_074253_response.mp3 (edge-tts)
[2026-08-28 07:43:42] BLOQUE 6: Reproduciendo briefing y enviando notificación...
[2026-08-28 07:43:55] Reproducción completada.
[2026-08-28 07:43:56] ============================================
[2026-08-28 07:43:56] Briefing matutino completado exitosamente.
[2026-08-28 07:43:57] ============================================
