[2026-09-02 07:14:26] ============================================
[2026-09-02 07:14:26] Alberth Briefing v1.0 iniciado
[2026-09-02 07:14:26] ============================================
[2026-09-02 07:14:26] BLOQUE 1: Obteniendo eventos del día desde Google Calendar...
[2026-09-02 07:14:27] WARN: gog calendar no devolvió datos.
[2026-09-02 07:14:28] BLOQUE 2: Obteniendo correos no leídos recientes de Gmail...
[2026-09-02 07:14:28] WARN: gog gmail no devolvió datos o no hay correos.
[2026-09-02 07:14:28] BLOQUE 3: Leyendo estado de memoria desde SQLite y archivo...
[2026-09-02 07:14:29] Memoria SQLite OK.
[2026-09-02 07:14:29] Memoria MEMORY.md OK.
[2026-09-02 07:14:29] BLOQUE 4: Construyendo prompt y enviando al Agente Alberth...
[2026-09-02 07:15:06] ERROR: Falló la llamada al agente. Usando mensaje de respaldo.
[2026-09-02 07:15:06] BLOQUE 5: Sintetizando respuesta en audio (edge-tts)...
[TTS-Premium] Sintetizando 124 caracteres con voz 'es-MX-JorgeNeural'...
[TTS-Premium] OK → Audio generado: briefing_20260902_071429_response.mp3 (63 KB) | Voz: es-MX-JorgeNeural
[2026-09-02 07:15:11] TTS Premium OK → Audio: /Users/digitalspace/.openclaw/workspace/voice_exchange/output/briefing_20260902_071429_response.mp3 (edge-tts)
[2026-09-02 07:15:12] BLOQUE 6: Reproduciendo briefing y enviando notificación...
[2026-09-02 07:33:42] ============================================
[2026-09-02 07:33:43] Alberth Briefing v1.0 iniciado
[2026-09-02 07:33:43] ============================================
[2026-09-02 07:33:44] BLOQUE 1: Obteniendo eventos del día desde Google Calendar...
[2026-09-02 07:33:47] WARN: gog calendar no devolvió datos.
[2026-09-02 07:33:47] BLOQUE 2: Obteniendo correos no leídos recientes de Gmail...
[2026-09-02 07:33:49] WARN: gog gmail no devolvió datos o no hay correos.
[2026-09-02 07:33:49] BLOQUE 3: Leyendo estado de memoria desde SQLite y archivo...
[2026-09-02 07:33:52] Memoria SQLite OK.
[2026-09-02 07:33:53] Memoria MEMORY.md OK.
[2026-09-02 07:33:54] BLOQUE 4: Construyendo prompt y enviando al Agente Alberth...
[2026-09-02 08:07:22] ============================================
[2026-09-02 08:07:22] Alberth Briefing v1.0 iniciado
[2026-09-02 08:07:22] ============================================
[2026-09-02 08:07:22] BLOQUE 1: Obteniendo eventos del día desde Google Calendar...
[2026-09-02 08:07:23] WARN: gog calendar no devolvió datos.
[2026-09-02 08:07:23] BLOQUE 2: Obteniendo correos no leídos recientes de Gmail...
[2026-09-02 08:07:24] WARN: gog gmail no devolvió datos o no hay correos.
[2026-09-02 08:07:24] BLOQUE 3: Leyendo estado de memoria desde SQLite y archivo...
[2026-09-02 08:07:24] Memoria SQLite OK.
[2026-09-02 08:07:25] Memoria MEMORY.md OK.
[2026-09-02 08:07:25] BLOQUE 4: Construyendo prompt y enviando al Agente Alberth...
[2026-09-02 08:07:59] ERROR: Falló la llamada al agente. Usando mensaje de respaldo.
[2026-09-02 08:08:00] BLOQUE 5: Sintetizando respuesta en audio (edge-tts)...
[TTS-Premium] Sintetizando 124 caracteres con voz 'es-MX-JorgeNeural'...
[TTS-Premium] OK → Audio generado: briefing_20260902_080725_response.mp3 (63 KB) | Voz: es-MX-JorgeNeural
[2026-09-02 08:08:05] TTS Premium OK → Audio: /Users/digitalspace/.openclaw/workspace/voice_exchange/output/briefing_20260902_080725_response.mp3 (edge-tts)
[2026-09-02 08:08:06] BLOQUE 6: Reproduciendo briefing y enviando notificación...
[2026-09-02 08:42:06] ============================================
[2026-09-02 08:42:06] Alberth Briefing v1.0 iniciado
[2026-09-02 08:42:07] ============================================
[2026-09-02 08:42:07] BLOQUE 1: Obteniendo eventos del día desde Google Calendar...
[2026-09-02 08:42:07] WARN: gog calendar no devolvió datos.
[2026-09-02 08:42:07] BLOQUE 2: Obteniendo correos no leídos recientes de Gmail...
[2026-09-02 08:42:08] WARN: gog gmail no devolvió datos o no hay correos.
[2026-09-02 08:42:08] BLOQUE 3: Leyendo estado de memoria desde SQLite y archivo...
[2026-09-02 08:42:08] Memoria SQLite OK.
[2026-09-02 08:42:09] Memoria MEMORY.md OK.
[2026-09-02 08:42:09] BLOQUE 4: Construyendo prompt y enviando al Agente Alberth...
[2026-09-02 08:42:45] ERROR: Falló la llamada al agente. Usando mensaje de respaldo.
[2026-09-02 08:42:46] BLOQUE 5: Sintetizando respuesta en audio (edge-tts)...
[TTS-Premium] Sintetizando 124 caracteres con voz 'es-MX-JorgeNeural'...
[TTS-Premium] OK → Audio generado: briefing_20260902_084209_response.mp3 (63 KB) | Voz: es-MX-JorgeNeural
[2026-09-02 08:42:53] TTS Premium OK → Audio: /Users/digitalspace/.openclaw/workspace/voice_exchange/output/briefing_20260902_084209_response.mp3 (edge-tts)
[2026-09-02 08:42:53] BLOQUE 6: Reproduciendo briefing y enviando notificación...
