[2026-08-18 07:00:04] ============================================
[2026-08-18 07:00:04] Alberth Briefing v1.0 iniciado
[2026-08-18 07:00:05] ============================================
[2026-08-18 07:00:06] BLOQUE 1: Obteniendo eventos del día desde Google Calendar...
[2026-08-18 07:00:09] WARN: gog calendar no devolvió datos.
[2026-08-18 07:00:09] BLOQUE 2: Obteniendo correos no leídos recientes de Gmail...
[2026-08-18 07:00:11] WARN: gog gmail no devolvió datos o no hay correos.
[2026-08-18 07:00:11] BLOQUE 3: Leyendo estado de memoria desde SQLite y archivo...
[2026-08-18 07:00:13] Memoria SQLite OK.
[2026-08-18 07:00:14] Memoria MEMORY.md OK.
[2026-08-18 07:00:14] BLOQUE 4: Construyendo prompt y enviando al Agente Alberth...
[2026-08-18 07:11:06] ============================================
[2026-08-18 07:11:06] Alberth Briefing v1.0 iniciado
[2026-08-18 07:11:07] ============================================
[2026-08-18 07:11:08] BLOQUE 1: Obteniendo eventos del día desde Google Calendar...
[2026-08-18 07:11:10] WARN: gog calendar no devolvió datos.
[2026-08-18 07:11:11] BLOQUE 2: Obteniendo correos no leídos recientes de Gmail...
[2026-08-18 07:11:16] WARN: gog gmail no devolvió datos o no hay correos.
[2026-08-18 07:11:16] BLOQUE 3: Leyendo estado de memoria desde SQLite y archivo...
[2026-08-18 07:11:19] Memoria SQLite OK.
[2026-08-18 07:11:20] Memoria MEMORY.md OK.
[2026-08-18 07:11:21] BLOQUE 4: Construyendo prompt y enviando al Agente Alberth...
[2026-08-18 07:12:09] ERROR: Falló la llamada al agente. Usando mensaje de respaldo.
[2026-08-18 07:12:10] BLOQUE 5: Sintetizando respuesta en audio (edge-tts)...
[TTS-Premium] Sintetizando 124 caracteres con voz 'es-MX-JorgeNeural'...
[TTS-Premium] OK → Audio generado: briefing_20260818_071122_response.mp3 (63 KB) | Voz: es-MX-JorgeNeural
[2026-08-18 07:12:15] TTS Premium OK → Audio: /Users/digitalspace/.openclaw/workspace/voice_exchange/output/briefing_20260818_071122_response.mp3 (edge-tts)
[2026-08-18 07:12:15] BLOQUE 6: Reproduciendo briefing y enviando notificación...
[2026-08-18 07:12:28] Reproducción completada.
[2026-08-18 07:12:29] ============================================
[2026-08-18 07:12:29] Briefing matutino completado exitosamente.
[2026-08-18 07:12:29] ============================================
