[2026-07-02 12:38:32] ============================================================
[2026-07-02 12:38:32] Alberth Reminders Daemon iniciado
[2026-07-02 12:38:32] Monitoreando base de datos a través de /Users/digitalspace/.openclaw/workspace/alberth_memory.py
[2026-07-02 12:38:32] ============================================================
[2026-07-02 12:39:57] ⏰ Recordatorio disparado! [ID: 1] 'apagar el horno'
OK
[2026-07-14 11:23:51] ============================================================
[2026-07-14 11:23:51] Alberth Reminders Daemon iniciado
[2026-07-14 11:23:51] Monitoreando base de datos a través de /Users/digitalspace/.openclaw/workspace/alberth_memory.py
[2026-07-14 11:23:51] ============================================================
[2026-07-15 10:53:15] ERROR: Command '['python3', '/Users/digitalspace/.openclaw/workspace/alberth_memory.py', '--pending-reminders']' returned non-zero exit status 1.
[2026-07-15 17:12:11] ============================================================
[2026-07-15 17:12:11] Alberth Reminders Daemon iniciado
[2026-07-15 17:12:11] Monitoreando base de datos a través de /Users/digitalspace/.openclaw/workspace/alberth_memory.py
[2026-07-15 17:12:11] ============================================================
[2026-07-16 11:39:40] ============================================================
[2026-07-16 11:39:40] Alberth Reminders Daemon iniciado
[2026-07-16 11:39:40] Monitoreando base de datos a través de /Users/digitalspace/.openclaw/workspace/alberth_memory.py
[2026-07-16 11:39:40] ============================================================
[2026-08-13 21:33:47] ============================================================
[2026-08-13 21:33:47] Alberth Reminders Daemon iniciado
[2026-08-13 21:33:47] Monitoreando base de datos a través de /Users/digitalspace/.openclaw/workspace/alberth_memory.py
[2026-08-13 21:33:47] ============================================================
